// Jest Snapshot v1, https://goo.gl/fbAQLP

exports[`test the counter component smapshots component 1`] = `
"<button id=\\"counter\\" className=\\"clicks-0\\" color=\\"red\\" onClick={[Function: onClick]}>
  Count: 
  0
</button>"
`;
